
> tasks@0.1.0 test
> react-scripts test "--coverage"

PASS src/quizzer/Quizzer.test.tsx
PASS src/tasks/components/StartAttempt.test.tsx
PASS src/tasks/components/TwoDice.test.tsx
PASS src/tasks/form-components/MultipleChoiceQuestion.test.tsx
PASS src/tasks/bad-components/ChooseTeam.test.tsx
PASS src/tasks/bad-components/DoubleHalf.test.tsx
PASS src/tasks/form-components/CheckAnswer.test.tsx
PASS src/tasks/form-components/EditMode.test.tsx
PASS src/tasks/components/ChangeType.test.tsx
PASS src/tasks/components/CycleHoliday.test.tsx
PASS src/tasks/form-components/GiveAttempts.test.tsx
PASS src/tasks/form-components/ChangeColor.test.tsx
PASS src/tasks/components/Counter.test.tsx
PASS src/tasks/components/RevealAnswer.test.tsx
PASS src/tasks/bad-components/ColoredBox.test.tsx
PASS src/tasks/bad-components/ShoveBox.test.tsx
PASS src/App.test.tsx
-----------------------------|---------|----------|---------|---------|-------------------------------------
File                         | % Stmts | % Branch | % Funcs | % Lines | Uncovered Line #s                   
-----------------------------|---------|----------|---------|---------|-------------------------------------
All files                    |   91.15 |    84.69 |   89.62 |   90.94 |                                     
 src                         |   66.66 |       50 |      50 |   66.66 |                                     
  App.tsx                    |   66.66 |       50 |      50 |   66.66 | 16                                  
 src/interfaces              |       0 |        0 |       0 |       0 |                                     
  question.ts                |       0 |        0 |       0 |       0 |                                     
  quiz.ts                    |       0 |        0 |       0 |       0 |                                     
 src/quizzer                 |   85.43 |    81.66 |   82.19 |   85.31 |                                     
  AddQuizModal.tsx           |   64.28 |      100 |      40 |   64.28 | 36-55                               
  QuestionEdit.tsx           |   59.45 |    55.55 |   52.94 |      60 | 27-30,55,64,74-76,84-86,182,216,243 
  QuizCard.tsx               |     100 |       80 |     100 |     100 | 32                                  
  QuizEdit.tsx               |   92.59 |      100 |   86.66 |      92 | 72,102                              
  QuizExpanded.tsx           |     100 |      100 |     100 |     100 |                                     
  QuizList.tsx               |     100 |      100 |     100 |     100 |                                     
  QuizQuestion.tsx           |     100 |    85.71 |     100 |     100 | 24-31                               
  QuizView.tsx               |     100 |      100 |     100 |     100 |                                     
  Quizzer.tsx                |     100 |      100 |     100 |     100 |                                     
 src/tasks                   |     100 |       50 |     100 |     100 |                                     
  ShowHideTasks.tsx          |     100 |       50 |     100 |     100 | 21                                  
 src/tasks/bad-components    |     100 |       50 |     100 |     100 |                                     
  ChooseTeam.tsx             |     100 |       50 |     100 |     100 | 18                                  
  ColoredBox.tsx             |     100 |      100 |     100 |     100 |                                     
  DoubleHalf.tsx             |     100 |      100 |     100 |     100 |                                     
  ShoveBox.tsx               |     100 |      100 |     100 |     100 |                                     
 src/tasks/components        |     100 |      100 |     100 |     100 |                                     
  ChangeType.tsx             |     100 |      100 |     100 |     100 |                                     
  Counter.tsx                |     100 |      100 |     100 |     100 |                                     
  CycleHoliday.tsx           |     100 |      100 |     100 |     100 |                                     
  RevealAnswer.tsx           |     100 |      100 |     100 |     100 |                                     
  StartAttempt.tsx           |     100 |      100 |     100 |     100 |                                     
  TwoDice.tsx                |     100 |      100 |     100 |     100 |                                     
 src/tasks/form-components   |     100 |      100 |     100 |     100 |                                     
  ChangeColor.tsx            |     100 |      100 |     100 |     100 |                                     
  CheckAnswer.tsx            |     100 |      100 |     100 |     100 |                                     
  EditMode.tsx               |     100 |      100 |     100 |     100 |                                     
  GiveAttempts.tsx           |     100 |      100 |     100 |     100 |                                     
  MultipleChoiceQuestion.tsx |     100 |      100 |     100 |     100 |                                     
-----------------------------|---------|----------|---------|---------|-------------------------------------

Test Suites: 17 passed, 17 total
Tests:       108 passed, 108 total
Snapshots:   0 total
Time:        18.436 s
Ran all test suites.
